[INFO] Scanning for projects...
[INFO] 
[INFO] -------------------------< com.campus:portal >--------------------------
[INFO] Building smart-campus-portal 0.0.1-SNAPSHOT
[INFO]   from pom.xml
[INFO] --------------------------------[ jar ]---------------------------------
[INFO] 
[INFO] --- clean:3.3.2:clean (default-clean) @ portal ---
[INFO] Deleting C:\Users\THANISHK\OneDrive\Desktop\tt\smart-campus-portal\backend\target
[INFO] ------------------------------------------------------------------------
[INFO] BUILD FAILURE
[INFO] ------------------------------------------------------------------------
[INFO] Total time:  5.301 s
[INFO] Finished at: 2026-03-08T12:32:50+05:30
[INFO] ------------------------------------------------------------------------
[ERROR] Failed to execute goal org.apache.maven.plugins:maven-clean-plugin:3.3.2:clean (default-clean) on project portal: Failed to clean project: Failed to delete C:\Users\THANISHK\OneDrive\Desktop\tt\smart-campus-portal\backend\target\maven-status\maven-compiler-plugin\compile\default-compile -> [Help 1]
[ERROR] 
[ERROR] To see the full stack trace of the errors, re-run Maven with the -e switch.
[ERROR] Re-run Maven using the -X switch to enable full debug logging.
[ERROR] 
[ERROR] For more information about the errors and possible solutions, please read the following articles:
[ERROR] [Help 1] http://cwiki.apache.org/confluence/display/MAVEN/MojoExecutionException
